SQL> prompt " 1. Store:- This commans keeps  sql*plus environment variable and their values in specified file."
" 1. Store:- This commans keeps  sql*plus environment variable and their values in specified file."
SQL> prompt "syntax:"
"syntax:"
SQL> prompt "store set fileaddress [create|replace|append]"
"store set fileaddress [create|replace|append]"
SQL> prompt "example:-"
"example:-"
SQL> store set "c:\storecommand.txt"
Created file c:\storecommand.txt
SQL> prompt "-----------------------------------BUFFER RELATED COMMANDS ------------------------------------------"
"-----------------------------------BUFFER RELATED COMMANDS ------------------------------------------"
SQL> prompt "1. Append:-  This commands adds text to end of current line  in Sql buffer."
"1. Append:-  This commands adds text to end of current line  in Sql buffer."
SQL> prompt "syntax"
"syntax"
SQL> prompt  append text;
append text
SQL> prompt "example:-"
"example:-"
SQL> append "select * from tab;"
  1* select * from tab"select * from tab;"
SQL> ed
Wrote file afiedt.buf

  1* select * from tab"select * from tab;"
SQL> prompt "2.How to clear Buffer content"
"2.How to clear Buffer content"
SQL> prompt " using  clear buffer  command line. we can clear buffer content"
" using  clear buffer  command line. we can clear buffer content"
SQL> clear buffer
buffer cleared
SQL> ed
SP2-0107: Nothing to save.
SQL> prompt "3. we use either RUN or (/) to run sql command or pl/sql block  which is in  sql buffer"
"3. we use either RUN or (/) to run sql command or pl/sql block  which is in  sql buffer"
SQL> clear buffer
buffer cleared
SQL> append "select * from tab;"
SQL> run
  1* "select * from tab;"
"select * from tab;"
*
ERROR at line 1:
ORA-00900: invalid SQL statement 


SQL> edit
Wrote file afiedt.buf

  1* select * from tab;
SQL> /
select * from tab;
                 *
ERROR at line 1:
ORA-00911: invalid character 


SQL> edit
Wrote file afiedt.buf

  1* select * from tab
SQL> /

TNAME                          TABTYPE  CLUSTERID                               
------------------------------ ------- ----------                               
BIN$9vEcnUVSTFWQg41Ej+5BaQ==$0 TABLE                                            
BIN$kDBYpAU/Q0C5qzO2sHrCWg==$0 TABLE                                            
BIN$uHNQ83gSTHmR+rKA5/48Ww==$0 TABLE                                            
BOATS                          TABLE                                            
BONUS                          TABLE                                            
DEPT                           TABLE                                            
EMP                            TABLE                                            
RESERVE                        TABLE                                            
SAILORS                        TABLE                                            
SALGRADE                       TABLE                                            
SUKU                           TABLE                                            

TNAME                          TABTYPE  CLUSTERID                               
------------------------------ ------- ----------                               
SUKU1                          TABLE                                            

12 rows selected.

SQL> prompt "3.Del:-  This is used to remove nth line ,current line and line from m to n from sql buffer."
"3.Del:-  This is used to remove nth line ,current line and line from m to n from sql buffer."
SQL> prompt "syntax"
"syntax"
SQL> prompt " del [n|*|m n]"
" del [n|*|m n]"
SQL> prompt "* means current line"
"* means current line"
SQL> prompt "example"
"example"
SQL> clear buffer
buffer cleared
SQL> select
  2  *
  3  from
  4  tab;

TNAME                          TABTYPE  CLUSTERID                               
------------------------------ ------- ----------                               
BIN$9vEcnUVSTFWQg41Ej+5BaQ==$0 TABLE                                            
BIN$kDBYpAU/Q0C5qzO2sHrCWg==$0 TABLE                                            
BIN$uHNQ83gSTHmR+rKA5/48Ww==$0 TABLE                                            
BOATS                          TABLE                                            
BONUS                          TABLE                                            
DEPT                           TABLE                                            
EMP                            TABLE                                            
RESERVE                        TABLE                                            
SAILORS                        TABLE                                            
SALGRADE                       TABLE                                            
SUKU                           TABLE                                            

TNAME                          TABTYPE  CLUSTERID                               
------------------------------ ------- ----------                               
SUKU1                          TABLE                                            

12 rows selected.

SQL> del 1
SQL> edit
Wrote file afiedt.buf

  1  *
  2  from
  3* tab
SQL> del *
SQL> edit
Wrote file afiedt.buf

  1  *
  2* from
SQL> prompt "--------------------------------------------------COPY COMMAND-------------------------------------------------"
"--------------------------------------------------COPY COMMAND-------------------------------------------------"
SQL> prompt syntax
syntax
SQL> prompt  copy from username@orcl create tablename(column definition) using select [*] col1,col2,..coln  from tabelname1.
copy from username@orcl create tablename(column definition) using select [*] col1,col2,..coln  from tabelname1.
SQL> prompt step1. The table is created with specified structure while copy command is being executed.
step1. The table is created with specified structure while copy command is being executed.
SQL> prompt step2. The select query result is copied into newly created query.
step2. The select query result is copied into newly created query.
SQL> prompt Example:
Example:
SQL> create table sv(id number(7),name char(10));

Table created.

SQL> insert into sv values(7,'suku');

1 row created.

SQL> insert into sv values(8,'veena');

1 row created.

SQL> copy scott@orcl create sv1 using select * from sv;
usage: COPY FROM <db> TO <db> <opt> <table> { (<cols>) } USING <sel>
  <db>   : database string, e.g., hr/your_password@d:chicago-mktg
  <opt>  : ONE of the keywords: APPEND, CREATE, INSERT or REPLACE
  <table>: name of the destination table
  <cols> : a comma-separated list of destination column aliases
  <sel>  : any valid SQL SELECT statement
A missing FROM or TO clause uses the current SQL*Plus connection.
SQL> copy FROM scott@orcl create sv1 using select * from sv;

Array fetch/bind size is 15. (arraysize is 15)
Will commit when done. (copycommit is 0)
Maximum long size is 80. (long is 80)
Table SV1 created.

   2 rows selected from scott@orcl.
   2 rows inserted into SV1.
   2 rows committed into SV1 at DEFAULT HOST connection.

SQL> select * from sv1;

        ID NAME                                                                 
---------- ----------                                                           
         7 suku                                                                 
         8 veena                                                                

SQL> prompt NOTE:- The TABLE 2 MAY BE IN SAME DB OR ANOTHER DB.
NOTE:- The TABLE 2 MAY BE IN SAME DB OR ANOTHER DB.
SQL> prompt "--------------------------------------------SET COMMAND ---------------------------------------------------"
"--------------------------------------------SET COMMAND ---------------------------------------------------"
SQL> prompt  This command is used to alter the sql plus environment variable values for current sesseion.
This command is used to alter the sql plus environment variable values for current sesseion.
SQL> prompt syntax:
syntax:
SQL> prompt set variblename value;
set variblename value
SQL> prompt   "variable names are:"
"variable names are:"
SQL> prompt 1.pagesize
1.pagesize
SQL> prompt 2.linesize
2.linesize
SQL> prompt 3.heading
3.heading
SQL> select * from sv;

        ID NAME                                                                 
---------- ----------                                                           
         7 suku                                                                 
         8 veena                                                                

SQL> set heading off;
SQL> select * from sv;

         7 suku                                                                 
         8 veena                                                                

SQL> set heading on;
SQL> select * from sv;

        ID NAME                                                                 
---------- ----------                                                           
         7 suku                                                                 
         8 veena                                                                

SQL> prompt 4.pause on|off
4.pause on|off
SQL> prompt This command pauses sql*plus before printing query result and displaying newpage.
This command pauses sql*plus before printing query result and displaying newpage.
SQL> set pause on "PRESS ENTER BUTTON"
SP2-0158: unknown SET option ""PRESS"
SQL> set pause on press enter
SP2-0158: unknown SET option "press"
SQL> set pause "Enter press button"
SQL> select * from sv;
Enter press button
        ID NAME                                                                 
---------- ----------                                                           
         7 suku                                                                 
         8 veena                                                                

SQL> set pause off;
SQL> select * from sv;

        ID NAME                                                                 
---------- ----------                                                           
         7 suku                                                                 
         8 veena                                                                

SQL> prompt 5. autocommit [on|off]
5. autocommit [on|off]
SQL> insert into sv values(10,'sv');

1 row created.

SQL> select * from sv;

        ID NAME                                                                 
---------- ----------                                                           
         7 suku                                                                 
         8 veena                                                                
        10 sv                                                                   

SQL> rollback;

Rollback complete.

SQL> select * from sv;

        ID NAME                                                                 
---------- ----------                                                           
         7 suku                                                                 
         8 veena                                                                

SQL> set autocommit on
SQL> insert into sv values(10,'sv');

1 row created.

Commit complete.
SQL> select * from sv;

        ID NAME                                                                 
---------- ----------                                                           
         7 suku                                                                 
         8 veena                                                                
        10 sv                                                                   

SQL> rollback;

Rollback complete.

SQL> select * from sv;

        ID NAME                                                                 
---------- ----------                                                           
         7 suku                                                                 
         8 veena                                                                
        10 sv                                                                   

SQL> prompt 6. time[on|off]
6. time[on|off]
SQL> set time on
13:21:28 SQL> 
13:21:31 SQL> set time off
SQL> prompt 7.Feedback [6|n|off|on]
7.Feedback [6|n|off|on]
SQL> prompt "By default it's value is on for 6 row."
"By default it's value is on for 6 row."
SQL> prompt " if query returns 6 or more then 6 rows, then we see message of result. message is that " total no.of rows:n";otherwise we don't see the message"
" if query returns 6 or more then 6 rows, then we see message of result. message is that " total no.of rows:n";otherwise we don't see the message"
SQL> prompt "Example:"
"Example:"
SQL> select * from sv;

        ID NAME                                                                 
---------- ----------                                                           
         7 suku                                                                 
         8 veena                                                                
        10 sv                                                                   

SQL> set feedback 2
SQL> select * from sv;

        ID NAME                                                                 
---------- ----------                                                           
         7 suku                                                                 
         8 veena                                                                
        10 sv                                                                   

3 rows selected.

SQL> prompt 7. columnwidth  value
7. columnwidth  value
SQL> prompt It sets column width in sqlquery output.
It sets column width in sqlquery output.
SQL> show columnwidth
SP2-0735: unknown SHOW option beginning "columnwidt..."
SQL> show numwidth
numwidth 10
SQL> select id from sv;

        ID                                                                      
----------                                                                      
         7                                                                      
         8                                                                      
        10                                                                      

3 rows selected.

SQL> set numwidth=30
SP2-0268: numwidth option not a valid number
SQL> set numwidth 30
SQL> select id from sv;

                            ID                                                  
------------------------------                                                  
                             7                                                  
                             8                                                  
                            10                                                  

3 rows selected.

SQL> set numwidth 10
SQL> select id from sv;

        ID                                                                      
----------                                                                      
         7                                                                      
         8                                                                      
        10                                                                      

3 rows selected.

SQL> prompt 8. pno value
8. pno value
SQL> prompt  "By default page no starts from 1. when we change page no. page no will be started from there".
"By default page no starts from 1. when we change page no. page no will be started from there".
SQL> prompt 9. colsep [text|symbol]
9. colsep [text|symbol]
SQL> prompt " default column separator is  space".
" default column separator is  space".
SQL> prompt "Example:"
"Example:"
SQL> set colsep ---
> ;
SQL> select * from sv;

        ID--NAME                                                                
----------------------                                                          
         7--suku                                                                
         8--veena                                                               
        10--sv                                                                  

3 rows selected.

SQL> set colsep ' ';
SQL> select * from sv;

        ID NAME                                                                 
---------- ----------                                                           
         7 suku                                                                 
         8 veena                                                                
        10 sv                                                                   

3 rows selected.

SQL> prompt 9. sqlprompt
9. sqlprompt
SQL> set sqlprompt "sukumar>"
sukumar>set sqlprompt "SQL>"
SQL>prompt "-----------------------------------------------------@ COMMAND------------------------------------------------"
"-----------------------------------------------------@ COMMAND------------------------------------------------"
SQL>prompt  This command executes sql*plus commands,sql commands and pl/sql block  which is in script file. The file extension may be .txt or .sql.
This command executes sql*plus commands,sql commands and pl/sql block  which is in script file. The file extension may be .txt or .sql.
SQL>prompt syntax:
syntax:
SQL>prompt @absolute path of file [arg]
@absolute path of file [arg]
SQL>prompt Example:
Example:
SQL>@ E:\sample.txt
 Name                                      Null?    Type
 ----------------------------------------- -------- ----------------------------
 ID                                                 NUMBER(7)
 NAME                                               CHAR(10)


        ID NAME                                                                 
---------- ----------                                                           
         7 suku                                                                 
         8 veena                                                                
        10 sv                                                                   

3 rows selected.

SQL>prompt ----------------------------------------------------------ACCEPT------------------------------------------------------------
> ;
----------------------------------------------------------ACCEPT----------------------------------------------------------- 
SQL>prompt This accept input from user and it keept input in specified variable.
This accept input from user and it keept input in specified variable.
SQL>prompt syntax:
syntax:
SQL>prompt accept  variablename [number|char|date] [prompt text| no prompt] [hide]
accept  variablename [number|char|date] [prompt text| no prompt] [hide]
SQL>prompt hide:- The input does not apper on screen.
hide:- The input does not apper on screen.
SQL>prompt "Example:"
"Example:"
SQL>accept a
This is sukumar
SQL>define a
DEFINE A               = "This is sukumar" (CHAR)
SQL>accept a number
10
SQL>define a
DEFINE A               =         10 (NUMBER)
SQL>accept b prompt "Enter your name:"
Enter your name:sukumar
SQL>define a
DEFINE A               =         10 (NUMBER)
SQL>print a
SP2-0552: Bind variable "A" not declared.
SQL>accept c prompt "enter your name:" hide;
enter your name:
SQL>prompt "-------------------------------------------------------------OTHER COMMANDS---------------------------------------------------"
"-------------------------------------------------------------OTHER COMMANDS---------------------------------------------------"
SQL>prompt 1. prompt value
1. prompt value
SQL>prompt "It displays value over interface."
"It displays value over interface."
SQL>prompt 2.show sqlplus environment variable name;
2.show sqlplus environment variable name
SQL>prompt This command displays variable value.
This command displays variable value.
SQL>show pagesize
pagesize 14
SQL>show linesize
linesize 80
SQL>show heading
heading ON
SQL>show title
SP2-0158: unknown SHOW option "title"
SQL>show ttitle
ttitle OFF and is the first few characters of the next SELECT statement
SQL>prompt 3. connect username/pwd [AS another username]
3. connect username/pwd [AS another username]
SQL>prompt 4.help topicname
4.help topicname
SQL>prompt This command helps us about topic name.
This command helps us about topic name.
SQL>help copy

***SQL> set termout off|on;
by default out put of query is displayed on screen.if u set off,it will not display on screen.it will be written to spool file.

 COPY
 ----

 Copies data from a query to a table in the same or another
 database. COPY supports CHAR, DATE, LONG, NUMBER and VARCHAR2.

 COPY {FROM database | TO database | FROM database TO database}
            {APPEND|CREATE|INSERT|REPLACE} destination_table
            [(column, column, column, ...)] USING query

 where database has the following syntax:
     username[/password]@connect_identifier


SQL>prompt 5.show all
5.show all
SQL>prompt " it displays all sqlplus environment variable name and their values on interface."
" it displays all sqlplus environment variable name and their values on interface."
SQL>show all
appinfo is OFF and set to "SQL*Plus"
arraysize 15
autocommit IMMEDIATE
autoprint OFF
autorecovery OFF
autotrace OFF
blockterminator "." (hex 2e)
btitle OFF and is the first few characters of the next SELECT statement
cmdsep OFF
colsep " "
compatibility version NATIVE
concat "." (hex 2e)
copycommit 0
COPYTYPECHECK is ON
define "&" (hex 26)
describe DEPTH 1 LINENUM OFF INDENT ON
echo OFF
editfile "afiedt.buf"
embedded OFF
escape OFF
escchar OFF
exitcommit ON
FEEDBACK ON for 2 or more rows
flagger OFF
flush ON
heading ON
headsep "|" (hex 7c)
instance "local"
linesize 80
lno 9
loboffset 1
logsource ""
long 80
longchunksize 80
markup HTML OFF HEAD "<style type='text/css'> body {font:10pt Arial,Helvetica,sans-serif; color:black; background:White;} p {font:10pt Arial,Helvetica,sans-serif; color:black; background:White;} table,tr,td {font:10pt Arial,Helvetica,sans-serif; color:Black; background:#f7f7e7; padding:0px 0px 0px 0px; margin:0px 0px 0px 0px;} th {font:bold 10pt Arial,Helvetica,sans-serif; color:#336699; background:#cccc99; padding:0px 0px 0px 0px;} h1 {font:16pt Arial,Helvetica,Geneva,sans-serif; color:#336699; background-color:White; border-bottom:1px solid #cccc99; margin-top:0pt; margin-bottom:0pt; padding:0px 0px 0px 0px;-
} h2 {font:bold 10pt Arial,Helvetica,Geneva,sans-serif; color:#336699; background-color:White; margin-top:4pt; margin-bottom:0pt;} a {font:9pt Arial,Helvetica,sans-serif; color:#663300; background:#ffffff; margin-top:0pt; margin-bottom:0pt; vertical-align:top;}</style><title>SQL*Plus Report</title>" BODY "" TABLE "border='1' width='90%' align='center' summary='Script output'" SPOOL OFF ENTMAP ON PREFORMAT OFF
newpage 1
null ""
numformat ""
numwidth 10
pagesize 14
PAUSE is OFF
pno 1
recsep WRAP
recsepchar " " (hex 20)
release 1102000100
repfooter OFF and is NULL
repheader OFF and is NULL
securedcol is OFF
serveroutput OFF
shiftinout INVISIBLE
showmode OFF
spool ON
sqlblanklines OFF
sqlcase MIXED
sqlcode 0
sqlcontinue "> "
sqlnumber ON
sqlpluscompatibility 11.2.0
sqlprefix "#" (hex 23)
sqlprompt "SQL>"
sqlterminator ";" (hex 3b)
suffix "sql"
tab ON
termout ON
timing OFF
trimout ON
trimspool OFF
ttitle OFF and is the first few characters of the next SELECT statement
underline "-" (hex 2d)
USER is "SCOTT"
verify ON
wrap : lines will be wrapped
errorlogging is OFF
SQL>prompt 6.password
6.password
SQL>prompt "This is used to change password of current user."
"This is used to change password of current user."
SQL>prompt 7.user
7.user
SQL>prompt It display current username.
It display current username.
SQL>user
SP2-0042: unknown command "user" - rest of line ignored.
SQL>show user
USER is "SCOTT"
SQL> prompt "----------------------------------TTITLE COMMAND--------------------------------------------------"
"----------------------------------TTITLE COMMAND--------------------------------------------------"
SQL> prompt "sql plus puts title at top of each page."
"sql plus puts title at top of each page."
SQL> prompt syntax:
syntax:
SQL> prompt ttile [value|off]
ttile [value|off]
SQL> ttitle   "SUKU FAMILY INFORMATION"
SQL> select * from sv;

Mon Feb 17                                                             page    1
                            SUKU FAMILY INFORMATION

        ID NAME                                                                 
---------- ----------                                                           
         7 suku                                                                 
         8 veena                                                                
        10 sv                                                                   

SQL> prompt "------------------------------------BTITLE COMMAND---------------------------------------"
"------------------------------------BTITLE COMMAND---------------------------------------"
SQL> prompt "sql plus puts title at bottom of each page."
"sql plus puts title at bottom of each page."
SQL> prompt syntax:
syntax:
SQL> prompt btitle [value|off]
btitle [value|off]
SQL> btitle  "Srinivasa"
SQL> select * from sv;

Mon Feb 17                                                             page    1
                            SUKU FAMILY INFORMATION

        ID NAME                                                                 
---------- ----------                                                           
         7 suku                                                                 
         8 veena                                                                
        10 sv                                                                   




                                   Srinivasa

SQL> btitle off
SQL> select * from sv;

Mon Feb 17                                                             page    1
                            SUKU FAMILY INFORMATION

        ID NAME                                                                 
---------- ----------                                                           
         7 suku                                                                 
         8 veena                                                                
        10 sv                                                                   

SQL> prompt "----------------------------------------------SET NEWPAGE----------------------------------------------"
"----------------------------------------------SET NEWPAGE----------------------------------------------"
SQL> prompt "this command prints blank lines starting of each page."
"this command prints blank lines starting of each page."
SQL> prompt syntax:
syntax:
SQL> prompt setnewpage number;
setnewpage number
SQL> ttitle off
SQL> select * from sv;

        ID NAME                                                                 
---------- ----------                                                           
         7 suku                                                                 
         8 veena                                                                
        10 sv                                                                   

SQL> set newpage 15;
SQL> select * from sv;















         7 suku                                                                 















         8 veena                                                                















        10 sv                                                                   

SQL> set newpage 1
SQL> select * from sv;

        ID NAME                                                                 
---------- ----------                                                           
         7 suku                                                                 
         8 veena                                                                
        10 sv                                                                   

SQL> spool off

